[likeabawz.dk/exill/demo/kitzu/template/index.html]
[backblue.gif]
[fade.gif]
[index.html]
[likeabawz.dk/exill/demo/kitzu/template/img/favicons/apple-touch-icon.png]
[likeabawz.dk/exill/demo/kitzu/template/img/favicons/favicon-32x32.png]
[likeabawz.dk/exill/demo/kitzu/template/img/favicons/favicon-16x16.png]
[likeabawz.dk/exill/demo/kitzu/template/css/bootstrap-custom.css]
[likeabawz.dk/exill/demo/kitzu/template/css/ionicons.min.css]
[likeabawz.dk/exill/demo/kitzu/template/css/tiny-slider.css]
[likeabawz.dk/exill/demo/kitzu/template/css/lity.min.css]
[likeabawz.dk/exill/demo/kitzu/template/css/simplebar.min.css]
[likeabawz.dk/exill/demo/kitzu/template/css/jquery.mb.YTPlayer.min.css]
[likeabawz.dk/exill/demo/kitzu/template/css/main.css]
[likeabawz.dk/exill/demo/kitzu/template/css/colors/main-darkgreen.css]
[likeabawz.dk/exill/demo/kitzu/template/css/custom.css]
[likeabawz.dk/exill/demo/kitzu/customizer/main.css]
[likeabawz.dk/exill/demo/kitzu/template/img/img-kitzu-logo.png]
[likeabawz.dk/exill/demo/kitzu/template/img/home.jpg]
[likeabawz.dk/exill/demo/kitzu/template/img/info-img.jpg]
[likeabawz.dk/exill/demo/kitzu/template/img/client-1.jpg]
[likeabawz.dk/exill/demo/kitzu/template/img/client-2.jpg]
[likeabawz.dk/exill/demo/kitzu/template/img/client-3.jpg]
[likeabawz.dk/exill/demo/kitzu/template/img/item-1.jpg]
[likeabawz.dk/exill/demo/kitzu/template/img/item-2.jpg]
[likeabawz.dk/exill/demo/kitzu/template/img/item-3.jpg]
[likeabawz.dk/exill/demo/kitzu/template/img/item-4.jpg]
[likeabawz.dk/exill/demo/kitzu/template/img/item-5.jpg]
[likeabawz.dk/exill/demo/kitzu/template/img/item-6.jpg]
[likeabawz.dk/exill/demo/kitzu/template/img/post-1.jpg]
[likeabawz.dk/exill/demo/kitzu/template/img/post-2.jpg]
[likeabawz.dk/exill/demo/kitzu/template/img/post-3.jpg]
[likeabawz.dk/exill/demo/kitzu/template/img/post-4.jpg]
[likeabawz.dk/exill/demo/kitzu/template/img/post-5.jpg]
[likeabawz.dk/exill/demo/kitzu/template/img/post-6.jpg]
[likeabawz.dk/exill/demo/kitzu/template/css/colors/main-blueviolet.css]
[likeabawz.dk/exill/demo/kitzu/template/css/colors/main-nightskyblue.css]
[likeabawz.dk/exill/demo/kitzu/template/css/colors/main-redpink.css]
[likeabawz.dk/exill/demo/kitzu/template/css/colors/main-blue.css]
[likeabawz.dk/exill/demo/kitzu/template/css/colors/main-cyan.css]
[likeabawz.dk/exill/demo/kitzu/template/css/colors/main-darkblue.css]
[likeabawz.dk/exill/demo/kitzu/template/css/colors/main-darkmagenta.css]
[likeabawz.dk/exill/demo/kitzu/template/css/colors/main-darkpink.css]
[likeabawz.dk/exill/demo/kitzu/template/css/colors/main-darkred.css]
[likeabawz.dk/exill/demo/kitzu/template/css/colors/main-green.css]
[likeabawz.dk/exill/demo/kitzu/template/css/colors/main-indigo.css]
[likeabawz.dk/exill/demo/kitzu/template/css/colors/main-orange.css]
[likeabawz.dk/exill/demo/kitzu/template/css/colors/main-pink.css]
[likeabawz.dk/exill/demo/kitzu/template/css/colors/main-purple.css]
[likeabawz.dk/exill/demo/kitzu/template/css/colors/main-red.css]
[likeabawz.dk/exill/demo/kitzu/template/css/colors/main-teal.css]
[likeabawz.dk/exill/demo/kitzu/template/css/colors/main-dark.css]
[likeabawz.dk/exill/demo/kitzu/template/css/colors/main-yellowgreen.css]
[likeabawz.dk/exill/demo/kitzu/template/css/colors/main-tangopink.css]
[likeabawz.dk/exill/demo/kitzu/template/css/colors/main-moodyblue.css]
[likeabawz.dk/exill/demo/kitzu/template/css/colors/main-brown.css]
[likeabawz.dk/exill/demo/kitzu/template/css/colors/main-royalblue.css]
[likeabawz.dk/exill/demo/kitzu/template/css/colors/main-darkyellow.css]
[likeabawz.dk/exill/demo/kitzu/template/js/jquery.min.js]
[likeabawz.dk/exill/demo/kitzu/template/js/imagesloaded.pkgd.min.js]
[likeabawz.dk/exill/demo/kitzu/template/js/bootstrap.bundle.min.js]
[likeabawz.dk/exill/demo/kitzu/template/js/isotope.pkgd.min.js]
[likeabawz.dk/exill/demo/kitzu/template/js/animatedModal.js]
[likeabawz.dk/exill/demo/kitzu/template/js/tiny-slider.js]
[likeabawz.dk/exill/demo/kitzu/template/js/lity.min.js]
[likeabawz.dk/exill/demo/kitzu/template/js/simplebar.min.js]
[likeabawz.dk/exill/demo/kitzu/template/js/jquery.mb.YTPlayer.min.js]
[likeabawz.dk/exill/demo/kitzu/template/js/main.js]
[likeabawz.dk/exill/demo/kitzu/template/js/custom.js]
[likeabawz.dk/exill/demo/kitzu/customizer/main.js]
[likeabawz.dk/exill/demo/kitzu/template/index.html]
[likeabawz.dk/exill/demo/kitzu/template/css/bootstrap-custom.css]
[likeabawz.dk/exill/demo/kitzu/template/fonts/ionicons9a08.eot]
[likeabawz.dk/exill/demo/kitzu/template/fonts/ionicons9a08.woff2]
[likeabawz.dk/exill/demo/kitzu/template/fonts/ionicons9a08.woff]
[likeabawz.dk/exill/demo/kitzu/template/fonts/ionicons9a08.ttf]
[likeabawz.dk/exill/demo/kitzu/template/css/ionicons.min.css]
[likeabawz.dk/exill/demo/kitzu/template/css/tiny-slider.css]
[likeabawz.dk/exill/demo/kitzu/template/css/lity.min.css]
[likeabawz.dk/exill/demo/kitzu/template/css/simplebar.min.css]
[likeabawz.dk/exill/demo/kitzu/template/css/jquery.mb.YTPlayer.min.css]
[likeabawz.dk/exill/demo/kitzu/template/img/video.jpg]
[likeabawz.dk/exill/demo/kitzu/template/css/main.css]
[likeabawz.dk/exill/demo/kitzu/template/css/colors/main-darkgreen.css]
[likeabawz.dk/exill/demo/kitzu/template/css/custom.css]
[likeabawz.dk/exill/demo/kitzu/customizer/main.css]
[likeabawz.dk/exill/demo/kitzu/template/css/colors/main-blueviolet.css]
[likeabawz.dk/exill/demo/kitzu/template/css/colors/main-nightskyblue.css]
[likeabawz.dk/exill/demo/kitzu/template/css/colors/main-redpink.css]
[likeabawz.dk/exill/demo/kitzu/template/css/colors/main-blue.css]
[likeabawz.dk/exill/demo/kitzu/template/css/colors/main-cyan.css]
[likeabawz.dk/exill/demo/kitzu/template/css/colors/main-darkblue.css]
[likeabawz.dk/exill/demo/kitzu/template/css/colors/main-darkmagenta.css]
[likeabawz.dk/exill/demo/kitzu/template/css/colors/main-darkpink.css]
[likeabawz.dk/exill/demo/kitzu/template/css/colors/main-darkred.css]
[likeabawz.dk/exill/demo/kitzu/template/css/colors/main-green.css]
[likeabawz.dk/exill/demo/kitzu/template/css/colors/main-indigo.css]
[likeabawz.dk/exill/demo/kitzu/template/css/colors/main-orange.css]
[likeabawz.dk/exill/demo/kitzu/template/css/colors/main-pink.css]
[likeabawz.dk/exill/demo/kitzu/template/css/colors/main-purple.css]
[likeabawz.dk/exill/demo/kitzu/template/css/colors/main-red.css]
[likeabawz.dk/exill/demo/kitzu/template/css/colors/main-teal.css]
[likeabawz.dk/exill/demo/kitzu/template/css/colors/main-dark.css]
[likeabawz.dk/exill/demo/kitzu/template/css/colors/main-yellowgreen.css]
[likeabawz.dk/exill/demo/kitzu/template/css/colors/main-tangopink.css]
[likeabawz.dk/exill/demo/kitzu/template/css/colors/main-moodyblue.css]
[likeabawz.dk/exill/demo/kitzu/template/css/colors/main-brown.css]
[likeabawz.dk/exill/demo/kitzu/template/css/colors/main-royalblue.css]
[likeabawz.dk/exill/demo/kitzu/template/css/colors/main-darkyellow.css]
[likeabawz.dk/exill/demo/kitzu/template/fonts/ionicons9a08.svg]
[likeabawz.dk/exill/demo/kitzu/template/fonts/ionicons9a08.svg]
[likeabawz.dk/exill/demo/kitzu/template/css/font/ytp-regular.html]
